// Jest Snapshot v1, https://goo.gl/fbAQLP

exports[`TabsDemo render correctly 1`] = `
<div
  className="Tabs_demo"
>
  <Tabs
    config={Object {}}
    currentSelect={1}
    onClick={[Function]}
  >
    <div
      data-label="test19"
    >
      test1
    </div>
    <div
      data-label="test28"
    >
      test2
    </div>
  </Tabs>
</div>
`;
