// Jest Snapshot v1, https://goo.gl/fbAQLP

exports[`CalendarDemo render correctly 1`] = `
<div
  className="Calendar_demo"
>
  <div
    onClick={[Function]}
    style={
      Object {
        "float": "left",
      }
    }
  >
    上个月
  </div>
  <div
    onClick={[Function]}
    style={
      Object {
        "float": "right",
      }
    }
  >
    下个月
  </div>
  <div
    style={
      Object {
        "clear": "both",
      }
    }
  />
  <div>
    2019/4/1 2019/4/30
  </div>
  <Calendar
    end="2019/4/30"
    onChange={[Function]}
    position=""
    select={Array []}
    start="2019/4/1"
    touch={[Function]}
  />
</div>
`;
