// Jest Snapshot v1, https://goo.gl/fbAQLP

exports[`Upload render correctly 1`] = `
<div
  className="upload"
>
  <UploadView
    fileList={
      Array [
        Object {
          "error": false,
          "id": 1,
          "url": "test1",
        },
        Object {
          "error": false,
          "id": 2,
          "url": "test2",
        },
      ]
    }
  />
</div>
`;
