// Jest Snapshot v1, https://goo.gl/fbAQLP

exports[`Tabs render correctly 1`] = `
<Tabs>
  <div
    className="Tabs"
  >
    <ul
      className="container"
      key="container_ul"
    />
    <div
      className="underline-container"
      key="underline"
    >
      <div
        className="underline"
        style={
          Object {
            "transform": "translate3d(0px, 0, 0)",
            "width": 0,
          }
        }
      />
    </div>
  </div>
</Tabs>
`;
