// Jest Snapshot v1, https://goo.gl/fbAQLP

exports[`DrawerDemo render correctly 1`] = `
<DrawerDemo>
  <div
    className="Drawer_demo"
  >
    <Drawer
      direction="left"
      onChange={[Function]}
      visible={false}
    >
      <div
        className="Drawer"
      >
        <div
          className="show-drawer"
          style={
            Object {
              "transform": "translateX(0px)",
              "width": 0,
            }
          }
        >
          test
        </div>
        <div
          className="operate-drawer"
          onClick={[Function]}
          style={
            Object {
              "background": "linear-gradient(to right, rgba(0, 0, 0, 0.2), rgba(0, 0, 0, 0))",
              "transform": "translateX(0px)",
            }
          }
        >
          <div
            className="scale-wrapper"
            style={
              Object {
                "transform": "rotateZ(180deg)",
              }
            }
          >
            <img
              src="../../assets/Drawer/arrow.png"
            />
          </div>
        </div>
      </div>
    </Drawer>
  </div>
</DrawerDemo>
`;
