// Jest Snapshot v1, https://goo.gl/fbAQLP

exports[`Router render correctly 1`] = `
<HashRouter>
  <React.Suspense
    fallback={
      <div>
        Loading...
      </div>
    }
  >
    <Switch>
      <Route
        component={
          Object {
            "$$typeof": Symbol(react.lazy),
            "_ctor": [Function],
            "_result": null,
            "_status": -1,
          }
        }
        exact={true}
        path="/"
      />
      <Route
        component={
          Object {
            "$$typeof": Symbol(react.lazy),
            "_ctor": [Function],
            "_result": null,
            "_status": -1,
          }
        }
        path="/container"
      />
      <Route
        component={
          Object {
            "$$typeof": Symbol(react.lazy),
            "_ctor": [Function],
            "_result": null,
            "_status": -1,
          }
        }
        path="/swiper"
      />
      <Route
        component={
          Object {
            "$$typeof": Symbol(react.lazy),
            "_ctor": [Function],
            "_result": null,
            "_status": -1,
          }
        }
        path="/upload"
      />
      <Route
        component={
          Object {
            "$$typeof": Symbol(react.lazy),
            "_ctor": [Function],
            "_result": null,
            "_status": -1,
          }
        }
        path="/transform"
      />
      <Route
        component={
          Object {
            "$$typeof": Symbol(react.lazy),
            "_ctor": [Function],
            "_result": null,
            "_status": -1,
          }
        }
        path="/mapbox"
      />
      <Route
        component={
          Object {
            "$$typeof": Symbol(react.lazy),
            "_ctor": [Function],
            "_result": null,
            "_status": -1,
          }
        }
        path="/template"
      />
    </Switch>
  </React.Suspense>
</HashRouter>
`;
