// Jest Snapshot v1, https://goo.gl/fbAQLP

exports[`core render correctly 1`] = `
<div
  className="Container-core"
>
  <TransformManager
    currentGroup="list-page"
    currentOrder={0}
  >
    <TransformManagerItem
      className=""
      group="list-page"
      key="list-page-0"
      order={0}
    >
      <div
        className="sc-content"
      >
        <Template
          dataSource={
            Array [
              Object {
                "calendar": "2018-04-03 00:00:00,2018-04-04 00:00:00",
                "checkbox": "checkbox1",
                "crest_length": 63,
                "dam_cd": "Z000001",
                "dam_width": 16,
                "datePicker": "2019-03-11",
                "mapPicker": "116.30038976669313|39.89520118467971|杭州1",
                "pjnm": "德江坞",
                "retain_dam_type": "堆石坝",
                "rownum": 1,
                "select": "value1",
                "upload": "[{\\"filepath\\":\\"../../assets/d19f18a8ly1g0akzu7cq5j20u016gnpe.jpg\\",\\"filetile\\":\\"name2\\",\\"filename\\":\\"jpg\\"}]",
              },
              Object {
                "calendar": "2018-04-03 00:00:00,2018-04-04 00:00:00",
                "checkbox": "checkbox3",
                "crest_length": 13.8,
                "dam_cd": "Z000002",
                "dam_width": 0.7,
                "datePicker": "2019-03-11",
                "mapPicker": "116.30038976669313|39.89520118467971|杭州",
                "pjnm": "六谷地村混凝土堰坝1",
                "retain_dam_type": "堆石坝",
                "rownum": 2,
                "select": "value1",
                "upload": "[{\\"filepath\\":\\"../../assets/d19f18a8ly1g0akzu7cq5j20u016gnpe.jpg\\",\\"filetile\\":\\"name2\\",\\"filename\\":\\"jpg\\"}]",
              },
              Object {
                "calendar": "2018-04-03 00:00:00,2018-04-04 00:00:00",
                "checkbox": "checkbox3",
                "crest_length": 42.4,
                "dam_cd": "Z000003",
                "dam_width": 2.4,
                "datePicker": "2019-03-11",
                "mapPicker": "116.30038976669313|39.89520118467971|杭州",
                "pjnm": "赤龙坝",
                "retain_dam_type": "混凝土坝",
                "rownum": 3,
                "select": "value1",
                "upload": "[{\\"filepath\\":\\"../../assets/d19f18a8ly1g0akzu7cq5j20u016gnpe.jpg\\",\\"filetile\\":\\"name2\\",\\"filename\\":\\"jpg\\"}]",
              },
              Object {
                "calendar": "2018-04-03 00:00:00,2018-04-04 00:00:00",
                "checkbox": "checkbox2",
                "crest_length": 45,
                "dam_cd": "Z000004",
                "dam_width": 3.5,
                "datePicker": "2019-03-11",
                "mapPicker": "116.30038976669313|39.89520118467971|杭州",
                "pjnm": "湖家埭坝2",
                "retain_dam_type": "混凝土坝",
                "rownum": 4,
                "select": "value1",
                "upload": "[{\\"filepath\\":\\"../../assets/d19f18a8ly1g0akzu7cq5j20u016gnpe.jpg\\",\\"filetile\\":\\"name2\\",\\"filename\\":\\"jpg\\"}]",
              },
              Object {
                "calendar": "2018-04-03 00:00:00,2018-04-04 00:00:00",
                "checkbox": "checkbox2",
                "crest_length": 34,
                "dam_cd": "Z000005",
                "dam_width": 6.2,
                "datePicker": "2019-03-11",
                "mapPicker": "116.30038976669313|39.89520118467971|杭州",
                "pjnm": "家猫坞山塘",
                "retain_dam_type": "混凝土坝",
                "rownum": 5,
                "select": "value1",
                "upload": "[{\\"filepath\\":\\"../../assets/d19f18a8ly1g0akzu7cq5j20u016gnpe.jpg\\",\\"filetile\\":\\"name2\\",\\"filename\\":\\"jpg\\"}]",
              },
              Object {
                "calendar": "2018-04-03 00:00:00,2018-04-04 00:00:00",
                "checkbox": "checkbox1",
                "crest_length": 66,
                "dam_cd": "Z000006",
                "dam_width": 16,
                "datePicker": "2019-03-11",
                "mapPicker": "116.30038976669313|39.89520118467971|杭州",
                "pjnm": "南塘坞山塘",
                "retain_dam_type": "混凝土坝",
                "rownum": 6,
                "select": "value1",
                "upload": "[{\\"filepath\\":\\"../../assets/d19f18a8ly1g0akzu7cq5j20u016gnpe.jpg\\",\\"filetile\\":\\"name2\\",\\"filename\\":\\"jpg\\"}]",
              },
              Object {
                "calendar": "2018-04-03 00:00:00,2018-04-04 00:00:00",
                "checkbox": "checkbox1",
                "crest_length": 38,
                "dam_cd": "Z000007",
                "dam_width": 12.1,
                "datePicker": "2019-03-11",
                "mapPicker": "116.30038976669313|39.89520118467971|杭州",
                "pjnm": "西步坞山塘",
                "retain_dam_type": "混凝土坝",
                "rownum": 7,
                "select": "value1",
                "upload": "[{\\"filepath\\":\\"../../assets/d19f18a8ly1g0akzu7cq5j20u016gnpe.jpg\\",\\"filetile\\":\\"name2\\",\\"filename\\":\\"jpg\\"}]",
              },
              Object {
                "calendar": "2018-04-03 00:00:00,2018-04-04 00:00:00",
                "checkbox": "checkbox1",
                "crest_length": 22,
                "dam_cd": "Z000008",
                "dam_width": 0.9,
                "datePicker": "2019-03-11",
                "mapPicker": "116.30038976669313|39.89520118467971|杭州",
                "pjnm": "东沈村混凝土堰坝1",
                "retain_dam_type": "混凝土坝",
                "rownum": 8,
                "select": "value1",
                "upload": "[{\\"filepath\\":\\"../../assets/d19f18a8ly1g0akzu7cq5j20u016gnpe.jpg\\",\\"filetile\\":\\"name2\\",\\"filename\\":\\"jpg\\"}]",
              },
              Object {
                "calendar": "2018-04-03 00:00:00,2018-04-04 00:00:00",
                "checkbox": "checkbox1",
                "crest_length": 17.3,
                "dam_cd": "Z000009",
                "dam_width": 1.6,
                "datePicker": "2019-03-11",
                "mapPicker": "116.30038976669313|39.89520118467971|杭州",
                "pjnm": "东沈村混凝土堰坝2",
                "retain_dam_type": "混凝土坝",
                "rownum": 9,
                "select": "value1",
                "upload": "[{\\"filepath\\":\\"../../assets/d19f18a8ly1g0akzu7cq5j20u016gnpe.jpg\\",\\"filetile\\":\\"name2\\",\\"filename\\":\\"jpg\\"}]",
              },
              Object {
                "calendar": "2018-04-03 00:00:00,2018-04-04 00:00:00",
                "checkbox": "checkbox1",
                "crest_length": 15,
                "dam_cd": "Z000010",
                "dam_width": 1.2,
                "datePicker": "2019-03-11",
                "mapPicker": "116.30038976669313|39.89520118467971|杭州",
                "pjnm": "东沈村混凝土堰坝3",
                "retain_dam_type": "混凝土坝",
                "rownum": 10,
                "select": "value1",
                "upload": "[{\\"filepath\\":\\"../../assets/d19f18a8ly1g0akzu7cq5j20u016gnpe.jpg\\",\\"filetile\\":\\"name2\\",\\"filename\\":\\"jpg\\"}]",
              },
            ]
          }
          onClick={[Function]}
          onDataFormat={[Function]}
          onPress={[Function]}
          template={
            <React.Fragment>
              <div
                data-key="pjnm"
              >
                1
              </div>
              <div
                data-key="dam_cd"
              >
                2
              </div>
            </React.Fragment>
          }
        />
      </div>
    </TransformManagerItem>
    <TransformManagerItem
      className=""
      group="detail-page"
      key="detail-page-0"
      order={0}
    >
      <DetailFactory
        dataItem={
          Array [
            Object {
              "defaultValue": "",
              "foreignData": Array [],
              "id": 3072,
              "isNull": false,
              "isSearchItem": true,
              "key": "dam_cd",
              "maxLength": 8,
              "minLength": null,
              "name": "dam_cd",
              "orderInDetail": 1,
              "orderInEdit": 1,
              "primaryValue": undefined,
              "showInDetail": true,
              "showInEdit": true,
              "templateOrder": undefined,
              "type": "input",
              "value": "Z000001",
            },
            Object {
              "defaultValue": "",
              "foreignData": Array [],
              "id": 8732,
              "isNull": false,
              "isSearchItem": true,
              "key": "pjnm",
              "maxLength": 5,
              "minLength": 0,
              "name": "pjnm",
              "orderInDetail": 21,
              "orderInEdit": 21,
              "primaryValue": undefined,
              "showInDetail": true,
              "showInEdit": true,
              "templateOrder": undefined,
              "type": "label",
              "value": "德江坞",
            },
            Object {
              "address": "杭州1",
              "defaultValue": "",
              "foreignData": Array [],
              "id": 1270,
              "isNull": false,
              "isSearchItem": false,
              "key": "mapPicker",
              "lat": "39.89520118467971",
              "lng": "116.30038976669313",
              "maxLength": 8,
              "minLength": null,
              "name": "mapPicker",
              "orderInDetail": 16,
              "orderInEdit": 16,
              "primaryValue": undefined,
              "showInDetail": true,
              "showInEdit": true,
              "templateOrder": undefined,
              "type": "mapPicker",
              "value": "116.30038976669313|39.89520118467971|杭州1",
            },
            Object {
              "defaultValue": "",
              "foreignData": Array [],
              "id": 4155,
              "isNull": false,
              "isSearchItem": false,
              "key": "datePicker",
              "maxLength": 50,
              "minLength": null,
              "name": "datePicker",
              "orderInDetail": 16,
              "orderInEdit": 16,
              "primaryValue": undefined,
              "showInDetail": true,
              "showInEdit": true,
              "templateOrder": undefined,
              "type": "datePicker",
              "value": 2019-03-11T00:00:00.000Z,
            },
            Object {
              "defaultValue": "",
              "foreignData": Array [
                Object {
                  "label": "label1",
                  "value": "value1",
                },
                Object {
                  "label": "label2",
                  "value": "value2",
                },
              ],
              "id": 3957,
              "isNull": false,
              "isSearchItem": false,
              "key": "select",
              "maxLength": 8,
              "minLength": null,
              "name": "select",
              "orderInDetail": 16,
              "orderInEdit": 16,
              "primaryValue": undefined,
              "showInDetail": true,
              "showInEdit": true,
              "templateOrder": undefined,
              "type": "select",
              "value": "value1",
            },
            Object {
              "defaultValue": "",
              "foreignData": Array [
                Object {
                  "label": "checkboxlable1",
                  "value": "checkbox1",
                },
                Object {
                  "label": "label2",
                  "value": "checkbox2",
                },
                Object {
                  "label": "label3",
                  "value": "checkbox3",
                },
              ],
              "id": 7130,
              "isNull": false,
              "isSearchItem": false,
              "key": "checkbox",
              "maxLength": 8,
              "minLength": null,
              "name": "checkbox",
              "orderInDetail": 16,
              "orderInEdit": 16,
              "primaryValue": undefined,
              "showInDetail": true,
              "showInEdit": true,
              "templateOrder": undefined,
              "type": "checkbox",
              "value": "checkbox1",
            },
            Object {
              "defaultValue": "",
              "foreignData": Array [],
              "id": 3342,
              "isNull": false,
              "isSearchItem": false,
              "key": "calendar",
              "maxLength": 8,
              "minLength": null,
              "name": "calendar",
              "orderInDetail": 16,
              "orderInEdit": 16,
              "primaryValue": undefined,
              "showInDetail": true,
              "showInEdit": true,
              "templateOrder": undefined,
              "type": "calendar",
              "value": "2018-04-03 00:00:00,2018-04-04 00:00:00",
            },
            Object {
              "defaultValue": "",
              "foreignData": Array [],
              "id": 5427,
              "isNull": false,
              "isSearchItem": false,
              "key": "upload",
              "maxLength": 8,
              "minLength": null,
              "name": "upload",
              "orderInDetail": 16,
              "orderInEdit": 16,
              "primaryValue": undefined,
              "showInDetail": true,
              "showInEdit": true,
              "templateOrder": undefined,
              "type": "upload",
              "value": Array [
                Object {
                  "id": 342,
                  "name": "name2",
                  "url": "../../assets/d19f18a8ly1g0akzu7cq5j20u016gnpe.jpg",
                },
              ],
            },
          ]
        }
        onBack={[Function]}
        onDataFormat={[Function]}
        onMapBoxChange={[Function]}
        onPageChange={[Function]}
      />
    </TransformManagerItem>
    <TransformManagerItem
      className=""
      group="detail-page"
      key="detail-page-1"
      order={1}
    >
      <DetailFactory
        dataItem={
          Array [
            Object {
              "defaultValue": "",
              "foreignData": Array [],
              "id": 7141,
              "isNull": false,
              "isSearchItem": true,
              "key": "dam_cd",
              "maxLength": 8,
              "minLength": null,
              "name": "dam_cd",
              "orderInDetail": 1,
              "orderInEdit": 1,
              "primaryValue": undefined,
              "showInDetail": true,
              "showInEdit": true,
              "templateOrder": undefined,
              "type": "input",
              "value": "Z000002",
            },
            Object {
              "defaultValue": "",
              "foreignData": Array [],
              "id": 767,
              "isNull": false,
              "isSearchItem": true,
              "key": "pjnm",
              "maxLength": 5,
              "minLength": 0,
              "name": "pjnm",
              "orderInDetail": 21,
              "orderInEdit": 21,
              "primaryValue": undefined,
              "showInDetail": true,
              "showInEdit": true,
              "templateOrder": undefined,
              "type": "label",
              "value": "六谷地村混凝土堰坝1",
            },
            Object {
              "address": "杭州",
              "defaultValue": "",
              "foreignData": Array [],
              "id": 9228,
              "isNull": false,
              "isSearchItem": false,
              "key": "mapPicker",
              "lat": "39.89520118467971",
              "lng": "116.30038976669313",
              "maxLength": 8,
              "minLength": null,
              "name": "mapPicker",
              "orderInDetail": 16,
              "orderInEdit": 16,
              "primaryValue": undefined,
              "showInDetail": true,
              "showInEdit": true,
              "templateOrder": undefined,
              "type": "mapPicker",
              "value": "116.30038976669313|39.89520118467971|杭州",
            },
            Object {
              "defaultValue": "",
              "foreignData": Array [],
              "id": 9379,
              "isNull": false,
              "isSearchItem": false,
              "key": "datePicker",
              "maxLength": 50,
              "minLength": null,
              "name": "datePicker",
              "orderInDetail": 16,
              "orderInEdit": 16,
              "primaryValue": undefined,
              "showInDetail": true,
              "showInEdit": true,
              "templateOrder": undefined,
              "type": "datePicker",
              "value": 2019-03-11T00:00:00.000Z,
            },
            Object {
              "defaultValue": "",
              "foreignData": Array [
                Object {
                  "label": "label1",
                  "value": "value1",
                },
                Object {
                  "label": "label2",
                  "value": "value2",
                },
              ],
              "id": 2632,
              "isNull": false,
              "isSearchItem": false,
              "key": "select",
              "maxLength": 8,
              "minLength": null,
              "name": "select",
              "orderInDetail": 16,
              "orderInEdit": 16,
              "primaryValue": undefined,
              "showInDetail": true,
              "showInEdit": true,
              "templateOrder": undefined,
              "type": "select",
              "value": "value1",
            },
            Object {
              "defaultValue": "",
              "foreignData": Array [
                Object {
                  "label": "checkboxlable1",
                  "value": "checkbox1",
                },
                Object {
                  "label": "label2",
                  "value": "checkbox2",
                },
                Object {
                  "label": "label3",
                  "value": "checkbox3",
                },
              ],
              "id": 7303,
              "isNull": false,
              "isSearchItem": false,
              "key": "checkbox",
              "maxLength": 8,
              "minLength": null,
              "name": "checkbox",
              "orderInDetail": 16,
              "orderInEdit": 16,
              "primaryValue": undefined,
              "showInDetail": true,
              "showInEdit": true,
              "templateOrder": undefined,
              "type": "checkbox",
              "value": "checkbox3",
            },
            Object {
              "defaultValue": "",
              "foreignData": Array [],
              "id": 7331,
              "isNull": false,
              "isSearchItem": false,
              "key": "calendar",
              "maxLength": 8,
              "minLength": null,
              "name": "calendar",
              "orderInDetail": 16,
              "orderInEdit": 16,
              "primaryValue": undefined,
              "showInDetail": true,
              "showInEdit": true,
              "templateOrder": undefined,
              "type": "calendar",
              "value": "2018-04-03 00:00:00,2018-04-04 00:00:00",
            },
            Object {
              "defaultValue": "",
              "foreignData": Array [],
              "id": 5361,
              "isNull": false,
              "isSearchItem": false,
              "key": "upload",
              "maxLength": 8,
              "minLength": null,
              "name": "upload",
              "orderInDetail": 16,
              "orderInEdit": 16,
              "primaryValue": undefined,
              "showInDetail": true,
              "showInEdit": true,
              "templateOrder": undefined,
              "type": "upload",
              "value": Array [
                Object {
                  "id": 742,
                  "name": "name2",
                  "url": "../../assets/d19f18a8ly1g0akzu7cq5j20u016gnpe.jpg",
                },
              ],
            },
          ]
        }
        onBack={[Function]}
        onDataFormat={[Function]}
        onMapBoxChange={[Function]}
        onPageChange={[Function]}
      />
    </TransformManagerItem>
    <TransformManagerItem
      className=""
      group="detail-page"
      key="detail-page-2"
      order={2}
    >
      <DetailFactory
        dataItem={
          Array [
            Object {
              "defaultValue": "",
              "foreignData": Array [],
              "id": 5338,
              "isNull": false,
              "isSearchItem": true,
              "key": "dam_cd",
              "maxLength": 8,
              "minLength": null,
              "name": "dam_cd",
              "orderInDetail": 1,
              "orderInEdit": 1,
              "primaryValue": undefined,
              "showInDetail": true,
              "showInEdit": true,
              "templateOrder": undefined,
              "type": "input",
              "value": "Z000003",
            },
            Object {
              "defaultValue": "",
              "foreignData": Array [],
              "id": 6735,
              "isNull": false,
              "isSearchItem": true,
              "key": "pjnm",
              "maxLength": 5,
              "minLength": 0,
              "name": "pjnm",
              "orderInDetail": 21,
              "orderInEdit": 21,
              "primaryValue": undefined,
              "showInDetail": true,
              "showInEdit": true,
              "templateOrder": undefined,
              "type": "label",
              "value": "赤龙坝",
            },
            Object {
              "address": "杭州",
              "defaultValue": "",
              "foreignData": Array [],
              "id": 4625,
              "isNull": false,
              "isSearchItem": false,
              "key": "mapPicker",
              "lat": "39.89520118467971",
              "lng": "116.30038976669313",
              "maxLength": 8,
              "minLength": null,
              "name": "mapPicker",
              "orderInDetail": 16,
              "orderInEdit": 16,
              "primaryValue": undefined,
              "showInDetail": true,
              "showInEdit": true,
              "templateOrder": undefined,
              "type": "mapPicker",
              "value": "116.30038976669313|39.89520118467971|杭州",
            },
            Object {
              "defaultValue": "",
              "foreignData": Array [],
              "id": 2497,
              "isNull": false,
              "isSearchItem": false,
              "key": "datePicker",
              "maxLength": 50,
              "minLength": null,
              "name": "datePicker",
              "orderInDetail": 16,
              "orderInEdit": 16,
              "primaryValue": undefined,
              "showInDetail": true,
              "showInEdit": true,
              "templateOrder": undefined,
              "type": "datePicker",
              "value": 2019-03-11T00:00:00.000Z,
            },
            Object {
              "defaultValue": "",
              "foreignData": Array [
                Object {
                  "label": "label1",
                  "value": "value1",
                },
                Object {
                  "label": "label2",
                  "value": "value2",
                },
              ],
              "id": 4565,
              "isNull": false,
              "isSearchItem": false,
              "key": "select",
              "maxLength": 8,
              "minLength": null,
              "name": "select",
              "orderInDetail": 16,
              "orderInEdit": 16,
              "primaryValue": undefined,
              "showInDetail": true,
              "showInEdit": true,
              "templateOrder": undefined,
              "type": "select",
              "value": "value1",
            },
            Object {
              "defaultValue": "",
              "foreignData": Array [
                Object {
                  "label": "checkboxlable1",
                  "value": "checkbox1",
                },
                Object {
                  "label": "label2",
                  "value": "checkbox2",
                },
                Object {
                  "label": "label3",
                  "value": "checkbox3",
                },
              ],
              "id": 4756,
              "isNull": false,
              "isSearchItem": false,
              "key": "checkbox",
              "maxLength": 8,
              "minLength": null,
              "name": "checkbox",
              "orderInDetail": 16,
              "orderInEdit": 16,
              "primaryValue": undefined,
              "showInDetail": true,
              "showInEdit": true,
              "templateOrder": undefined,
              "type": "checkbox",
              "value": "checkbox3",
            },
            Object {
              "defaultValue": "",
              "foreignData": Array [],
              "id": 8406,
              "isNull": false,
              "isSearchItem": false,
              "key": "calendar",
              "maxLength": 8,
              "minLength": null,
              "name": "calendar",
              "orderInDetail": 16,
              "orderInEdit": 16,
              "primaryValue": undefined,
              "showInDetail": true,
              "showInEdit": true,
              "templateOrder": undefined,
              "type": "calendar",
              "value": "2018-04-03 00:00:00,2018-04-04 00:00:00",
            },
            Object {
              "defaultValue": "",
              "foreignData": Array [],
              "id": 512,
              "isNull": false,
              "isSearchItem": false,
              "key": "upload",
              "maxLength": 8,
              "minLength": null,
              "name": "upload",
              "orderInDetail": 16,
              "orderInEdit": 16,
              "primaryValue": undefined,
              "showInDetail": true,
              "showInEdit": true,
              "templateOrder": undefined,
              "type": "upload",
              "value": Array [
                Object {
                  "id": 978,
                  "name": "name2",
                  "url": "../../assets/d19f18a8ly1g0akzu7cq5j20u016gnpe.jpg",
                },
              ],
            },
          ]
        }
        onBack={[Function]}
        onDataFormat={[Function]}
        onMapBoxChange={[Function]}
        onPageChange={[Function]}
      />
    </TransformManagerItem>
    <TransformManagerItem
      className=""
      group="detail-page"
      key="detail-page-3"
      order={3}
    >
      <DetailFactory
        dataItem={
          Array [
            Object {
              "defaultValue": "",
              "foreignData": Array [],
              "id": 7826,
              "isNull": false,
              "isSearchItem": true,
              "key": "dam_cd",
              "maxLength": 8,
              "minLength": null,
              "name": "dam_cd",
              "orderInDetail": 1,
              "orderInEdit": 1,
              "primaryValue": undefined,
              "showInDetail": true,
              "showInEdit": true,
              "templateOrder": undefined,
              "type": "input",
              "value": "Z000004",
            },
            Object {
              "defaultValue": "",
              "foreignData": Array [],
              "id": 5634,
              "isNull": false,
              "isSearchItem": true,
              "key": "pjnm",
              "maxLength": 5,
              "minLength": 0,
              "name": "pjnm",
              "orderInDetail": 21,
              "orderInEdit": 21,
              "primaryValue": undefined,
              "showInDetail": true,
              "showInEdit": true,
              "templateOrder": undefined,
              "type": "label",
              "value": "湖家埭坝2",
            },
            Object {
              "address": "杭州",
              "defaultValue": "",
              "foreignData": Array [],
              "id": 4809,
              "isNull": false,
              "isSearchItem": false,
              "key": "mapPicker",
              "lat": "39.89520118467971",
              "lng": "116.30038976669313",
              "maxLength": 8,
              "minLength": null,
              "name": "mapPicker",
              "orderInDetail": 16,
              "orderInEdit": 16,
              "primaryValue": undefined,
              "showInDetail": true,
              "showInEdit": true,
              "templateOrder": undefined,
              "type": "mapPicker",
              "value": "116.30038976669313|39.89520118467971|杭州",
            },
            Object {
              "defaultValue": "",
              "foreignData": Array [],
              "id": 9679,
              "isNull": false,
              "isSearchItem": false,
              "key": "datePicker",
              "maxLength": 50,
              "minLength": null,
              "name": "datePicker",
              "orderInDetail": 16,
              "orderInEdit": 16,
              "primaryValue": undefined,
              "showInDetail": true,
              "showInEdit": true,
              "templateOrder": undefined,
              "type": "datePicker",
              "value": 2019-03-11T00:00:00.000Z,
            },
            Object {
              "defaultValue": "",
              "foreignData": Array [
                Object {
                  "label": "label1",
                  "value": "value1",
                },
                Object {
                  "label": "label2",
                  "value": "value2",
                },
              ],
              "id": 5763,
              "isNull": false,
              "isSearchItem": false,
              "key": "select",
              "maxLength": 8,
              "minLength": null,
              "name": "select",
              "orderInDetail": 16,
              "orderInEdit": 16,
              "primaryValue": undefined,
              "showInDetail": true,
              "showInEdit": true,
              "templateOrder": undefined,
              "type": "select",
              "value": "value1",
            },
            Object {
              "defaultValue": "",
              "foreignData": Array [
                Object {
                  "label": "checkboxlable1",
                  "value": "checkbox1",
                },
                Object {
                  "label": "label2",
                  "value": "checkbox2",
                },
                Object {
                  "label": "label3",
                  "value": "checkbox3",
                },
              ],
              "id": 42,
              "isNull": false,
              "isSearchItem": false,
              "key": "checkbox",
              "maxLength": 8,
              "minLength": null,
              "name": "checkbox",
              "orderInDetail": 16,
              "orderInEdit": 16,
              "primaryValue": undefined,
              "showInDetail": true,
              "showInEdit": true,
              "templateOrder": undefined,
              "type": "checkbox",
              "value": "checkbox2",
            },
            Object {
              "defaultValue": "",
              "foreignData": Array [],
              "id": 4218,
              "isNull": false,
              "isSearchItem": false,
              "key": "calendar",
              "maxLength": 8,
              "minLength": null,
              "name": "calendar",
              "orderInDetail": 16,
              "orderInEdit": 16,
              "primaryValue": undefined,
              "showInDetail": true,
              "showInEdit": true,
              "templateOrder": undefined,
              "type": "calendar",
              "value": "2018-04-03 00:00:00,2018-04-04 00:00:00",
            },
            Object {
              "defaultValue": "",
              "foreignData": Array [],
              "id": 9331,
              "isNull": false,
              "isSearchItem": false,
              "key": "upload",
              "maxLength": 8,
              "minLength": null,
              "name": "upload",
              "orderInDetail": 16,
              "orderInEdit": 16,
              "primaryValue": undefined,
              "showInDetail": true,
              "showInEdit": true,
              "templateOrder": undefined,
              "type": "upload",
              "value": Array [
                Object {
                  "id": 404,
                  "name": "name2",
                  "url": "../../assets/d19f18a8ly1g0akzu7cq5j20u016gnpe.jpg",
                },
              ],
            },
          ]
        }
        onBack={[Function]}
        onDataFormat={[Function]}
        onMapBoxChange={[Function]}
        onPageChange={[Function]}
      />
    </TransformManagerItem>
    <TransformManagerItem
      className=""
      group="detail-page"
      key="detail-page-4"
      order={4}
    >
      <DetailFactory
        dataItem={
          Array [
            Object {
              "defaultValue": "",
              "foreignData": Array [],
              "id": 6048,
              "isNull": false,
              "isSearchItem": true,
              "key": "dam_cd",
              "maxLength": 8,
              "minLength": null,
              "name": "dam_cd",
              "orderInDetail": 1,
              "orderInEdit": 1,
              "primaryValue": undefined,
              "showInDetail": true,
              "showInEdit": true,
              "templateOrder": undefined,
              "type": "input",
              "value": "Z000005",
            },
            Object {
              "defaultValue": "",
              "foreignData": Array [],
              "id": 2173,
              "isNull": false,
              "isSearchItem": true,
              "key": "pjnm",
              "maxLength": 5,
              "minLength": 0,
              "name": "pjnm",
              "orderInDetail": 21,
              "orderInEdit": 21,
              "primaryValue": undefined,
              "showInDetail": true,
              "showInEdit": true,
              "templateOrder": undefined,
              "type": "label",
              "value": "家猫坞山塘",
            },
            Object {
              "address": "杭州",
              "defaultValue": "",
              "foreignData": Array [],
              "id": 1701,
              "isNull": false,
              "isSearchItem": false,
              "key": "mapPicker",
              "lat": "39.89520118467971",
              "lng": "116.30038976669313",
              "maxLength": 8,
              "minLength": null,
              "name": "mapPicker",
              "orderInDetail": 16,
              "orderInEdit": 16,
              "primaryValue": undefined,
              "showInDetail": true,
              "showInEdit": true,
              "templateOrder": undefined,
              "type": "mapPicker",
              "value": "116.30038976669313|39.89520118467971|杭州",
            },
            Object {
              "defaultValue": "",
              "foreignData": Array [],
              "id": 2519,
              "isNull": false,
              "isSearchItem": false,
              "key": "datePicker",
              "maxLength": 50,
              "minLength": null,
              "name": "datePicker",
              "orderInDetail": 16,
              "orderInEdit": 16,
              "primaryValue": undefined,
              "showInDetail": true,
              "showInEdit": true,
              "templateOrder": undefined,
              "type": "datePicker",
              "value": 2019-03-11T00:00:00.000Z,
            },
            Object {
              "defaultValue": "",
              "foreignData": Array [
                Object {
                  "label": "label1",
                  "value": "value1",
                },
                Object {
                  "label": "label2",
                  "value": "value2",
                },
              ],
              "id": 117,
              "isNull": false,
              "isSearchItem": false,
              "key": "select",
              "maxLength": 8,
              "minLength": null,
              "name": "select",
              "orderInDetail": 16,
              "orderInEdit": 16,
              "primaryValue": undefined,
              "showInDetail": true,
              "showInEdit": true,
              "templateOrder": undefined,
              "type": "select",
              "value": "value1",
            },
            Object {
              "defaultValue": "",
              "foreignData": Array [
                Object {
                  "label": "checkboxlable1",
                  "value": "checkbox1",
                },
                Object {
                  "label": "label2",
                  "value": "checkbox2",
                },
                Object {
                  "label": "label3",
                  "value": "checkbox3",
                },
              ],
              "id": 2,
              "isNull": false,
              "isSearchItem": false,
              "key": "checkbox",
              "maxLength": 8,
              "minLength": null,
              "name": "checkbox",
              "orderInDetail": 16,
              "orderInEdit": 16,
              "primaryValue": undefined,
              "showInDetail": true,
              "showInEdit": true,
              "templateOrder": undefined,
              "type": "checkbox",
              "value": "checkbox2",
            },
            Object {
              "defaultValue": "",
              "foreignData": Array [],
              "id": 2557,
              "isNull": false,
              "isSearchItem": false,
              "key": "calendar",
              "maxLength": 8,
              "minLength": null,
              "name": "calendar",
              "orderInDetail": 16,
              "orderInEdit": 16,
              "primaryValue": undefined,
              "showInDetail": true,
              "showInEdit": true,
              "templateOrder": undefined,
              "type": "calendar",
              "value": "2018-04-03 00:00:00,2018-04-04 00:00:00",
            },
            Object {
              "defaultValue": "",
              "foreignData": Array [],
              "id": 3205,
              "isNull": false,
              "isSearchItem": false,
              "key": "upload",
              "maxLength": 8,
              "minLength": null,
              "name": "upload",
              "orderInDetail": 16,
              "orderInEdit": 16,
              "primaryValue": undefined,
              "showInDetail": true,
              "showInEdit": true,
              "templateOrder": undefined,
              "type": "upload",
              "value": Array [
                Object {
                  "id": 656,
                  "name": "name2",
                  "url": "../../assets/d19f18a8ly1g0akzu7cq5j20u016gnpe.jpg",
                },
              ],
            },
          ]
        }
        onBack={[Function]}
        onDataFormat={[Function]}
        onMapBoxChange={[Function]}
        onPageChange={[Function]}
      />
    </TransformManagerItem>
    <TransformManagerItem
      className=""
      group="detail-page"
      key="detail-page-5"
      order={5}
    >
      <DetailFactory
        dataItem={
          Array [
            Object {
              "defaultValue": "",
              "foreignData": Array [],
              "id": 37,
              "isNull": false,
              "isSearchItem": true,
              "key": "dam_cd",
              "maxLength": 8,
              "minLength": null,
              "name": "dam_cd",
              "orderInDetail": 1,
              "orderInEdit": 1,
              "primaryValue": undefined,
              "showInDetail": true,
              "showInEdit": true,
              "templateOrder": undefined,
              "type": "input",
              "value": "Z000006",
            },
            Object {
              "defaultValue": "",
              "foreignData": Array [],
              "id": 4254,
              "isNull": false,
              "isSearchItem": true,
              "key": "pjnm",
              "maxLength": 5,
              "minLength": 0,
              "name": "pjnm",
              "orderInDetail": 21,
              "orderInEdit": 21,
              "primaryValue": undefined,
              "showInDetail": true,
              "showInEdit": true,
              "templateOrder": undefined,
              "type": "label",
              "value": "南塘坞山塘",
            },
            Object {
              "address": "杭州",
              "defaultValue": "",
              "foreignData": Array [],
              "id": 8787,
              "isNull": false,
              "isSearchItem": false,
              "key": "mapPicker",
              "lat": "39.89520118467971",
              "lng": "116.30038976669313",
              "maxLength": 8,
              "minLength": null,
              "name": "mapPicker",
              "orderInDetail": 16,
              "orderInEdit": 16,
              "primaryValue": undefined,
              "showInDetail": true,
              "showInEdit": true,
              "templateOrder": undefined,
              "type": "mapPicker",
              "value": "116.30038976669313|39.89520118467971|杭州",
            },
            Object {
              "defaultValue": "",
              "foreignData": Array [],
              "id": 8620,
              "isNull": false,
              "isSearchItem": false,
              "key": "datePicker",
              "maxLength": 50,
              "minLength": null,
              "name": "datePicker",
              "orderInDetail": 16,
              "orderInEdit": 16,
              "primaryValue": undefined,
              "showInDetail": true,
              "showInEdit": true,
              "templateOrder": undefined,
              "type": "datePicker",
              "value": 2019-03-11T00:00:00.000Z,
            },
            Object {
              "defaultValue": "",
              "foreignData": Array [
                Object {
                  "label": "label1",
                  "value": "value1",
                },
                Object {
                  "label": "label2",
                  "value": "value2",
                },
              ],
              "id": 4291,
              "isNull": false,
              "isSearchItem": false,
              "key": "select",
              "maxLength": 8,
              "minLength": null,
              "name": "select",
              "orderInDetail": 16,
              "orderInEdit": 16,
              "primaryValue": undefined,
              "showInDetail": true,
              "showInEdit": true,
              "templateOrder": undefined,
              "type": "select",
              "value": "value1",
            },
            Object {
              "defaultValue": "",
              "foreignData": Array [
                Object {
                  "label": "checkboxlable1",
                  "value": "checkbox1",
                },
                Object {
                  "label": "label2",
                  "value": "checkbox2",
                },
                Object {
                  "label": "label3",
                  "value": "checkbox3",
                },
              ],
              "id": 1831,
              "isNull": false,
              "isSearchItem": false,
              "key": "checkbox",
              "maxLength": 8,
              "minLength": null,
              "name": "checkbox",
              "orderInDetail": 16,
              "orderInEdit": 16,
              "primaryValue": undefined,
              "showInDetail": true,
              "showInEdit": true,
              "templateOrder": undefined,
              "type": "checkbox",
              "value": "checkbox1",
            },
            Object {
              "defaultValue": "",
              "foreignData": Array [],
              "id": 3592,
              "isNull": false,
              "isSearchItem": false,
              "key": "calendar",
              "maxLength": 8,
              "minLength": null,
              "name": "calendar",
              "orderInDetail": 16,
              "orderInEdit": 16,
              "primaryValue": undefined,
              "showInDetail": true,
              "showInEdit": true,
              "templateOrder": undefined,
              "type": "calendar",
              "value": "2018-04-03 00:00:00,2018-04-04 00:00:00",
            },
            Object {
              "defaultValue": "",
              "foreignData": Array [],
              "id": 9707,
              "isNull": false,
              "isSearchItem": false,
              "key": "upload",
              "maxLength": 8,
              "minLength": null,
              "name": "upload",
              "orderInDetail": 16,
              "orderInEdit": 16,
              "primaryValue": undefined,
              "showInDetail": true,
              "showInEdit": true,
              "templateOrder": undefined,
              "type": "upload",
              "value": Array [
                Object {
                  "id": 634,
                  "name": "name2",
                  "url": "../../assets/d19f18a8ly1g0akzu7cq5j20u016gnpe.jpg",
                },
              ],
            },
          ]
        }
        onBack={[Function]}
        onDataFormat={[Function]}
        onMapBoxChange={[Function]}
        onPageChange={[Function]}
      />
    </TransformManagerItem>
    <TransformManagerItem
      className=""
      group="detail-page"
      key="detail-page-6"
      order={6}
    >
      <DetailFactory
        dataItem={
          Array [
            Object {
              "defaultValue": "",
              "foreignData": Array [],
              "id": 3238,
              "isNull": false,
              "isSearchItem": true,
              "key": "dam_cd",
              "maxLength": 8,
              "minLength": null,
              "name": "dam_cd",
              "orderInDetail": 1,
              "orderInEdit": 1,
              "primaryValue": undefined,
              "showInDetail": true,
              "showInEdit": true,
              "templateOrder": undefined,
              "type": "input",
              "value": "Z000007",
            },
            Object {
              "defaultValue": "",
              "foreignData": Array [],
              "id": 2299,
              "isNull": false,
              "isSearchItem": true,
              "key": "pjnm",
              "maxLength": 5,
              "minLength": 0,
              "name": "pjnm",
              "orderInDetail": 21,
              "orderInEdit": 21,
              "primaryValue": undefined,
              "showInDetail": true,
              "showInEdit": true,
              "templateOrder": undefined,
              "type": "label",
              "value": "西步坞山塘",
            },
            Object {
              "address": "杭州",
              "defaultValue": "",
              "foreignData": Array [],
              "id": 8936,
              "isNull": false,
              "isSearchItem": false,
              "key": "mapPicker",
              "lat": "39.89520118467971",
              "lng": "116.30038976669313",
              "maxLength": 8,
              "minLength": null,
              "name": "mapPicker",
              "orderInDetail": 16,
              "orderInEdit": 16,
              "primaryValue": undefined,
              "showInDetail": true,
              "showInEdit": true,
              "templateOrder": undefined,
              "type": "mapPicker",
              "value": "116.30038976669313|39.89520118467971|杭州",
            },
            Object {
              "defaultValue": "",
              "foreignData": Array [],
              "id": 3165,
              "isNull": false,
              "isSearchItem": false,
              "key": "datePicker",
              "maxLength": 50,
              "minLength": null,
              "name": "datePicker",
              "orderInDetail": 16,
              "orderInEdit": 16,
              "primaryValue": undefined,
              "showInDetail": true,
              "showInEdit": true,
              "templateOrder": undefined,
              "type": "datePicker",
              "value": 2019-03-11T00:00:00.000Z,
            },
            Object {
              "defaultValue": "",
              "foreignData": Array [
                Object {
                  "label": "label1",
                  "value": "value1",
                },
                Object {
                  "label": "label2",
                  "value": "value2",
                },
              ],
              "id": 9128,
              "isNull": false,
              "isSearchItem": false,
              "key": "select",
              "maxLength": 8,
              "minLength": null,
              "name": "select",
              "orderInDetail": 16,
              "orderInEdit": 16,
              "primaryValue": undefined,
              "showInDetail": true,
              "showInEdit": true,
              "templateOrder": undefined,
              "type": "select",
              "value": "value1",
            },
            Object {
              "defaultValue": "",
              "foreignData": Array [
                Object {
                  "label": "checkboxlable1",
                  "value": "checkbox1",
                },
                Object {
                  "label": "label2",
                  "value": "checkbox2",
                },
                Object {
                  "label": "label3",
                  "value": "checkbox3",
                },
              ],
              "id": 8605,
              "isNull": false,
              "isSearchItem": false,
              "key": "checkbox",
              "maxLength": 8,
              "minLength": null,
              "name": "checkbox",
              "orderInDetail": 16,
              "orderInEdit": 16,
              "primaryValue": undefined,
              "showInDetail": true,
              "showInEdit": true,
              "templateOrder": undefined,
              "type": "checkbox",
              "value": "checkbox1",
            },
            Object {
              "defaultValue": "",
              "foreignData": Array [],
              "id": 3644,
              "isNull": false,
              "isSearchItem": false,
              "key": "calendar",
              "maxLength": 8,
              "minLength": null,
              "name": "calendar",
              "orderInDetail": 16,
              "orderInEdit": 16,
              "primaryValue": undefined,
              "showInDetail": true,
              "showInEdit": true,
              "templateOrder": undefined,
              "type": "calendar",
              "value": "2018-04-03 00:00:00,2018-04-04 00:00:00",
            },
            Object {
              "defaultValue": "",
              "foreignData": Array [],
              "id": 6117,
              "isNull": false,
              "isSearchItem": false,
              "key": "upload",
              "maxLength": 8,
              "minLength": null,
              "name": "upload",
              "orderInDetail": 16,
              "orderInEdit": 16,
              "primaryValue": undefined,
              "showInDetail": true,
              "showInEdit": true,
              "templateOrder": undefined,
              "type": "upload",
              "value": Array [
                Object {
                  "id": 325,
                  "name": "name2",
                  "url": "../../assets/d19f18a8ly1g0akzu7cq5j20u016gnpe.jpg",
                },
              ],
            },
          ]
        }
        onBack={[Function]}
        onDataFormat={[Function]}
        onMapBoxChange={[Function]}
        onPageChange={[Function]}
      />
    </TransformManagerItem>
    <TransformManagerItem
      className=""
      group="detail-page"
      key="detail-page-7"
      order={7}
    >
      <DetailFactory
        dataItem={
          Array [
            Object {
              "defaultValue": "",
              "foreignData": Array [],
              "id": 2037,
              "isNull": false,
              "isSearchItem": true,
              "key": "dam_cd",
              "maxLength": 8,
              "minLength": null,
              "name": "dam_cd",
              "orderInDetail": 1,
              "orderInEdit": 1,
              "primaryValue": undefined,
              "showInDetail": true,
              "showInEdit": true,
              "templateOrder": undefined,
              "type": "input",
              "value": "Z000008",
            },
            Object {
              "defaultValue": "",
              "foreignData": Array [],
              "id": 6346,
              "isNull": false,
              "isSearchItem": true,
              "key": "pjnm",
              "maxLength": 5,
              "minLength": 0,
              "name": "pjnm",
              "orderInDetail": 21,
              "orderInEdit": 21,
              "primaryValue": undefined,
              "showInDetail": true,
              "showInEdit": true,
              "templateOrder": undefined,
              "type": "label",
              "value": "东沈村混凝土堰坝1",
            },
            Object {
              "address": "杭州",
              "defaultValue": "",
              "foreignData": Array [],
              "id": 8490,
              "isNull": false,
              "isSearchItem": false,
              "key": "mapPicker",
              "lat": "39.89520118467971",
              "lng": "116.30038976669313",
              "maxLength": 8,
              "minLength": null,
              "name": "mapPicker",
              "orderInDetail": 16,
              "orderInEdit": 16,
              "primaryValue": undefined,
              "showInDetail": true,
              "showInEdit": true,
              "templateOrder": undefined,
              "type": "mapPicker",
              "value": "116.30038976669313|39.89520118467971|杭州",
            },
            Object {
              "defaultValue": "",
              "foreignData": Array [],
              "id": 6004,
              "isNull": false,
              "isSearchItem": false,
              "key": "datePicker",
              "maxLength": 50,
              "minLength": null,
              "name": "datePicker",
              "orderInDetail": 16,
              "orderInEdit": 16,
              "primaryValue": undefined,
              "showInDetail": true,
              "showInEdit": true,
              "templateOrder": undefined,
              "type": "datePicker",
              "value": 2019-03-11T00:00:00.000Z,
            },
            Object {
              "defaultValue": "",
              "foreignData": Array [
                Object {
                  "label": "label1",
                  "value": "value1",
                },
                Object {
                  "label": "label2",
                  "value": "value2",
                },
              ],
              "id": 6256,
              "isNull": false,
              "isSearchItem": false,
              "key": "select",
              "maxLength": 8,
              "minLength": null,
              "name": "select",
              "orderInDetail": 16,
              "orderInEdit": 16,
              "primaryValue": undefined,
              "showInDetail": true,
              "showInEdit": true,
              "templateOrder": undefined,
              "type": "select",
              "value": "value1",
            },
            Object {
              "defaultValue": "",
              "foreignData": Array [
                Object {
                  "label": "checkboxlable1",
                  "value": "checkbox1",
                },
                Object {
                  "label": "label2",
                  "value": "checkbox2",
                },
                Object {
                  "label": "label3",
                  "value": "checkbox3",
                },
              ],
              "id": 1375,
              "isNull": false,
              "isSearchItem": false,
              "key": "checkbox",
              "maxLength": 8,
              "minLength": null,
              "name": "checkbox",
              "orderInDetail": 16,
              "orderInEdit": 16,
              "primaryValue": undefined,
              "showInDetail": true,
              "showInEdit": true,
              "templateOrder": undefined,
              "type": "checkbox",
              "value": "checkbox1",
            },
            Object {
              "defaultValue": "",
              "foreignData": Array [],
              "id": 8506,
              "isNull": false,
              "isSearchItem": false,
              "key": "calendar",
              "maxLength": 8,
              "minLength": null,
              "name": "calendar",
              "orderInDetail": 16,
              "orderInEdit": 16,
              "primaryValue": undefined,
              "showInDetail": true,
              "showInEdit": true,
              "templateOrder": undefined,
              "type": "calendar",
              "value": "2018-04-03 00:00:00,2018-04-04 00:00:00",
            },
            Object {
              "defaultValue": "",
              "foreignData": Array [],
              "id": 4405,
              "isNull": false,
              "isSearchItem": false,
              "key": "upload",
              "maxLength": 8,
              "minLength": null,
              "name": "upload",
              "orderInDetail": 16,
              "orderInEdit": 16,
              "primaryValue": undefined,
              "showInDetail": true,
              "showInEdit": true,
              "templateOrder": undefined,
              "type": "upload",
              "value": Array [
                Object {
                  "id": 685,
                  "name": "name2",
                  "url": "../../assets/d19f18a8ly1g0akzu7cq5j20u016gnpe.jpg",
                },
              ],
            },
          ]
        }
        onBack={[Function]}
        onDataFormat={[Function]}
        onMapBoxChange={[Function]}
        onPageChange={[Function]}
      />
    </TransformManagerItem>
    <TransformManagerItem
      className=""
      group="detail-page"
      key="detail-page-8"
      order={8}
    >
      <DetailFactory
        dataItem={
          Array [
            Object {
              "defaultValue": "",
              "foreignData": Array [],
              "id": 6083,
              "isNull": false,
              "isSearchItem": true,
              "key": "dam_cd",
              "maxLength": 8,
              "minLength": null,
              "name": "dam_cd",
              "orderInDetail": 1,
              "orderInEdit": 1,
              "primaryValue": undefined,
              "showInDetail": true,
              "showInEdit": true,
              "templateOrder": undefined,
              "type": "input",
              "value": "Z000009",
            },
            Object {
              "defaultValue": "",
              "foreignData": Array [],
              "id": 8565,
              "isNull": false,
              "isSearchItem": true,
              "key": "pjnm",
              "maxLength": 5,
              "minLength": 0,
              "name": "pjnm",
              "orderInDetail": 21,
              "orderInEdit": 21,
              "primaryValue": undefined,
              "showInDetail": true,
              "showInEdit": true,
              "templateOrder": undefined,
              "type": "label",
              "value": "东沈村混凝土堰坝2",
            },
            Object {
              "address": "杭州",
              "defaultValue": "",
              "foreignData": Array [],
              "id": 6381,
              "isNull": false,
              "isSearchItem": false,
              "key": "mapPicker",
              "lat": "39.89520118467971",
              "lng": "116.30038976669313",
              "maxLength": 8,
              "minLength": null,
              "name": "mapPicker",
              "orderInDetail": 16,
              "orderInEdit": 16,
              "primaryValue": undefined,
              "showInDetail": true,
              "showInEdit": true,
              "templateOrder": undefined,
              "type": "mapPicker",
              "value": "116.30038976669313|39.89520118467971|杭州",
            },
            Object {
              "defaultValue": "",
              "foreignData": Array [],
              "id": 6426,
              "isNull": false,
              "isSearchItem": false,
              "key": "datePicker",
              "maxLength": 50,
              "minLength": null,
              "name": "datePicker",
              "orderInDetail": 16,
              "orderInEdit": 16,
              "primaryValue": undefined,
              "showInDetail": true,
              "showInEdit": true,
              "templateOrder": undefined,
              "type": "datePicker",
              "value": 2019-03-11T00:00:00.000Z,
            },
            Object {
              "defaultValue": "",
              "foreignData": Array [
                Object {
                  "label": "label1",
                  "value": "value1",
                },
                Object {
                  "label": "label2",
                  "value": "value2",
                },
              ],
              "id": 9264,
              "isNull": false,
              "isSearchItem": false,
              "key": "select",
              "maxLength": 8,
              "minLength": null,
              "name": "select",
              "orderInDetail": 16,
              "orderInEdit": 16,
              "primaryValue": undefined,
              "showInDetail": true,
              "showInEdit": true,
              "templateOrder": undefined,
              "type": "select",
              "value": "value1",
            },
            Object {
              "defaultValue": "",
              "foreignData": Array [
                Object {
                  "label": "checkboxlable1",
                  "value": "checkbox1",
                },
                Object {
                  "label": "label2",
                  "value": "checkbox2",
                },
                Object {
                  "label": "label3",
                  "value": "checkbox3",
                },
              ],
              "id": 320,
              "isNull": false,
              "isSearchItem": false,
              "key": "checkbox",
              "maxLength": 8,
              "minLength": null,
              "name": "checkbox",
              "orderInDetail": 16,
              "orderInEdit": 16,
              "primaryValue": undefined,
              "showInDetail": true,
              "showInEdit": true,
              "templateOrder": undefined,
              "type": "checkbox",
              "value": "checkbox1",
            },
            Object {
              "defaultValue": "",
              "foreignData": Array [],
              "id": 7172,
              "isNull": false,
              "isSearchItem": false,
              "key": "calendar",
              "maxLength": 8,
              "minLength": null,
              "name": "calendar",
              "orderInDetail": 16,
              "orderInEdit": 16,
              "primaryValue": undefined,
              "showInDetail": true,
              "showInEdit": true,
              "templateOrder": undefined,
              "type": "calendar",
              "value": "2018-04-03 00:00:00,2018-04-04 00:00:00",
            },
            Object {
              "defaultValue": "",
              "foreignData": Array [],
              "id": 8578,
              "isNull": false,
              "isSearchItem": false,
              "key": "upload",
              "maxLength": 8,
              "minLength": null,
              "name": "upload",
              "orderInDetail": 16,
              "orderInEdit": 16,
              "primaryValue": undefined,
              "showInDetail": true,
              "showInEdit": true,
              "templateOrder": undefined,
              "type": "upload",
              "value": Array [
                Object {
                  "id": 951,
                  "name": "name2",
                  "url": "../../assets/d19f18a8ly1g0akzu7cq5j20u016gnpe.jpg",
                },
              ],
            },
          ]
        }
        onBack={[Function]}
        onDataFormat={[Function]}
        onMapBoxChange={[Function]}
        onPageChange={[Function]}
      />
    </TransformManagerItem>
    <TransformManagerItem
      className=""
      group="detail-page"
      key="detail-page-9"
      order={9}
    >
      <DetailFactory
        dataItem={
          Array [
            Object {
              "defaultValue": "",
              "foreignData": Array [],
              "id": 2407,
              "isNull": false,
              "isSearchItem": true,
              "key": "dam_cd",
              "maxLength": 8,
              "minLength": null,
              "name": "dam_cd",
              "orderInDetail": 1,
              "orderInEdit": 1,
              "primaryValue": undefined,
              "showInDetail": true,
              "showInEdit": true,
              "templateOrder": undefined,
              "type": "input",
              "value": "Z000010",
            },
            Object {
              "defaultValue": "",
              "foreignData": Array [],
              "id": 2287,
              "isNull": false,
              "isSearchItem": true,
              "key": "pjnm",
              "maxLength": 5,
              "minLength": 0,
              "name": "pjnm",
              "orderInDetail": 21,
              "orderInEdit": 21,
              "primaryValue": undefined,
              "showInDetail": true,
              "showInEdit": true,
              "templateOrder": undefined,
              "type": "label",
              "value": "东沈村混凝土堰坝3",
            },
            Object {
              "address": "杭州",
              "defaultValue": "",
              "foreignData": Array [],
              "id": 7714,
              "isNull": false,
              "isSearchItem": false,
              "key": "mapPicker",
              "lat": "39.89520118467971",
              "lng": "116.30038976669313",
              "maxLength": 8,
              "minLength": null,
              "name": "mapPicker",
              "orderInDetail": 16,
              "orderInEdit": 16,
              "primaryValue": undefined,
              "showInDetail": true,
              "showInEdit": true,
              "templateOrder": undefined,
              "type": "mapPicker",
              "value": "116.30038976669313|39.89520118467971|杭州",
            },
            Object {
              "defaultValue": "",
              "foreignData": Array [],
              "id": 7467,
              "isNull": false,
              "isSearchItem": false,
              "key": "datePicker",
              "maxLength": 50,
              "minLength": null,
              "name": "datePicker",
              "orderInDetail": 16,
              "orderInEdit": 16,
              "primaryValue": undefined,
              "showInDetail": true,
              "showInEdit": true,
              "templateOrder": undefined,
              "type": "datePicker",
              "value": 2019-03-11T00:00:00.000Z,
            },
            Object {
              "defaultValue": "",
              "foreignData": Array [
                Object {
                  "label": "label1",
                  "value": "value1",
                },
                Object {
                  "label": "label2",
                  "value": "value2",
                },
              ],
              "id": 3553,
              "isNull": false,
              "isSearchItem": false,
              "key": "select",
              "maxLength": 8,
              "minLength": null,
              "name": "select",
              "orderInDetail": 16,
              "orderInEdit": 16,
              "primaryValue": undefined,
              "showInDetail": true,
              "showInEdit": true,
              "templateOrder": undefined,
              "type": "select",
              "value": "value1",
            },
            Object {
              "defaultValue": "",
              "foreignData": Array [
                Object {
                  "label": "checkboxlable1",
                  "value": "checkbox1",
                },
                Object {
                  "label": "label2",
                  "value": "checkbox2",
                },
                Object {
                  "label": "label3",
                  "value": "checkbox3",
                },
              ],
              "id": 8039,
              "isNull": false,
              "isSearchItem": false,
              "key": "checkbox",
              "maxLength": 8,
              "minLength": null,
              "name": "checkbox",
              "orderInDetail": 16,
              "orderInEdit": 16,
              "primaryValue": undefined,
              "showInDetail": true,
              "showInEdit": true,
              "templateOrder": undefined,
              "type": "checkbox",
              "value": "checkbox1",
            },
            Object {
              "defaultValue": "",
              "foreignData": Array [],
              "id": 9278,
              "isNull": false,
              "isSearchItem": false,
              "key": "calendar",
              "maxLength": 8,
              "minLength": null,
              "name": "calendar",
              "orderInDetail": 16,
              "orderInEdit": 16,
              "primaryValue": undefined,
              "showInDetail": true,
              "showInEdit": true,
              "templateOrder": undefined,
              "type": "calendar",
              "value": "2018-04-03 00:00:00,2018-04-04 00:00:00",
            },
            Object {
              "defaultValue": "",
              "foreignData": Array [],
              "id": 9392,
              "isNull": false,
              "isSearchItem": false,
              "key": "upload",
              "maxLength": 8,
              "minLength": null,
              "name": "upload",
              "orderInDetail": 16,
              "orderInEdit": 16,
              "primaryValue": undefined,
              "showInDetail": true,
              "showInEdit": true,
              "templateOrder": undefined,
              "type": "upload",
              "value": Array [
                Object {
                  "id": 545,
                  "name": "name2",
                  "url": "../../assets/d19f18a8ly1g0akzu7cq5j20u016gnpe.jpg",
                },
              ],
            },
          ]
        }
        onBack={[Function]}
        onDataFormat={[Function]}
        onMapBoxChange={[Function]}
        onPageChange={[Function]}
      />
    </TransformManagerItem>
    <TransformManagerItem
      className=""
      group="update-page"
      key="update-page-0"
      order={0}
    >
      <UpdatePage
        dataSource={Object {}}
        onBack={[Function]}
        onMapBoxChange={[Function]}
        status="add"
      />
    </TransformManagerItem>
    <TransformManagerItem
      className=""
      group="map-box"
      key="map-box-0"
      order={0}
    >
      <MapBox
        center={
          Object {
            "lat": "-1",
            "lng": "-1",
          }
        }
        onMarkerDrag={[Function]}
      />
      <List
        prefixCls="am-list"
        renderHeader="坐标信息"
        style={
          Object {
            "bottom": 0,
            "position": "absolute",
            "width": "100%",
            "zIndex": 400,
          }
        }
      >
        <ListItem
          align="middle"
          error={false}
          extra="-1"
          multipleLine={false}
          platform="ios"
          prefixCls="am-list"
          wrap={false}
        >
          经度
        </ListItem>
        <ListItem
          align="middle"
          error={false}
          extra="-1"
          multipleLine={false}
          platform="ios"
          prefixCls="am-list"
          wrap={false}
        >
          纬度
        </ListItem>
        <ListItem
          align="middle"
          error={false}
          multipleLine={false}
          platform="ios"
          prefixCls="am-list"
          wrap={false}
        >
          <Button
            activeStyle={Object {}}
            disabled={false}
            inline={false}
            loading={false}
            onClick={[Function]}
            prefixCls="am-button"
            size="large"
          >
            返回
          </Button>
        </ListItem>
      </List>
    </TransformManagerItem>
  </TransformManager>
  <ActivityIndicator
    animating={true}
    panelColor="rgba(34,34,34,0.6)"
    prefixCls="am-activity-indicator"
    size="large"
    text="正在加载..."
    toast={true}
  />
</div>
`;
