// Jest Snapshot v1, https://goo.gl/fbAQLP

exports[`DetailFactory render correctly 1`] = `
<div
  className="DetailFactory"
>
  <List
    prefixCls="am-list"
  >
    <ListItem
      align="middle"
      error={false}
      multipleLine={false}
      platform="ios"
      prefixCls="am-list"
      wrap={false}
    >
      <ListItem
        align="middle"
        error={false}
        extra="Z000001"
        key="detail-page-label-0"
        multipleLine={false}
        platform="ios"
        prefixCls="am-list"
        wrap={false}
      >
        dam_cd
      </ListItem>
      <ListItem
        align="middle"
        error={false}
        extra="德江坞"
        key="detail-page-label-1"
        multipleLine={false}
        platform="ios"
        prefixCls="am-list"
        wrap={false}
      >
        pjnm
      </ListItem>
      <ListItem
        align="middle"
        error={false}
        extra="116.30038976669313"
        multipleLine={false}
        platform="ios"
        prefixCls="am-list"
        wrap={false}
      >
        经度
      </ListItem>
      <ListItem
        align="middle"
        error={false}
        extra="39.89520118467971"
        multipleLine={false}
        platform="ios"
        prefixCls="am-list"
        wrap={false}
      >
        纬度
      </ListItem>
      <ListItem
        align="middle"
        arrow="horizontal"
        error={false}
        extra="杭州1"
        multipleLine={false}
        onClick={[Function]}
        platform="ios"
        prefixCls="am-list"
        wrap={false}
      >
        地址
      </ListItem>
      <ListItem
        align="middle"
        error={false}
        extra="2017-08-09 08:00:00"
        key="detail-page-label-3"
        multipleLine={false}
        platform="ios"
        prefixCls="am-list"
        wrap={false}
      >
        datePicker
      </ListItem>
      <ListItem
        align="middle"
        error={false}
        extra="value1"
        key="detail-page-label-4"
        multipleLine={false}
        platform="ios"
        prefixCls="am-list"
        wrap={false}
      >
        select
      </ListItem>
      <ListItem
        align="middle"
        error={false}
        extra="checkbox1"
        key="detail-page-label-5"
        multipleLine={false}
        platform="ios"
        prefixCls="am-list"
        wrap={false}
      >
        checkbox
      </ListItem>
      <ListItem
        align="middle"
        error={false}
        extra="2018-04-03 00:00:00"
        multipleLine={false}
        platform="ios"
        prefixCls="am-list"
        wrap={false}
      >
        calendar开始时间
      </ListItem>
      <ListItem
        align="middle"
        error={false}
        extra="2018-04-04 00:00:00"
        multipleLine={false}
        platform="ios"
        prefixCls="am-list"
        wrap={false}
      >
        calendar结束时间
      </ListItem>
    </ListItem>
    <ListItem
      align="middle"
      error={false}
      multipleLine={false}
      platform="ios"
      prefixCls="am-list"
      wrap={false}
    >
      <Button
        activeStyle={Object {}}
        disabled={false}
        inline={false}
        loading={false}
        prefixCls="am-button"
        size="large"
      >
        返回
      </Button>
    </ListItem>
  </List>
</div>
`;
