// Jest Snapshot v1, https://goo.gl/fbAQLP

exports[`Calendar render correctly 1`] = `
<Calendar>
  <div
    className="Calendar"
  >
    <div
      className="container"
      key="list_div_0"
      style={
        Object {
          "opacity": 0,
          "transform": "translate3d(400%, 0 , 0)",
        }
      }
    >
      <table
        className="week-name"
      >
        <tbody
          key="body_tbody_-1"
        >
          <tr>
            <td
              key="week_td_0"
            >
              <span>
                日
              </span>
            </td>
            <td
              key="week_td_1"
            >
              <span>
                一
              </span>
            </td>
            <td
              key="week_td_2"
            >
              <span>
                二
              </span>
            </td>
            <td
              key="week_td_3"
            >
              <span>
                三
              </span>
            </td>
            <td
              key="week_td_4"
            >
              <span>
                四
              </span>
            </td>
            <td
              key="week_td_5"
            >
              <span>
                五
              </span>
            </td>
            <td
              key="week_td_6"
            >
              <span>
                六
              </span>
            </td>
          </tr>
        </tbody>
        <tbody
          key="body_tbody_0"
        >
          <tr />
        </tbody>
        <tbody
          key="body_tbody_1"
        >
          <tr />
        </tbody>
      </table>
    </div>
    <div
      className="container"
      key="list_div_1"
      style={
        Object {
          "opacity": 0,
          "transform": "translate3d(300%, 0 , 0)",
        }
      }
    >
      <table
        className="week-name"
      >
        <tbody
          key="body_tbody_-1"
        >
          <tr>
            <td
              key="week_td_0"
            >
              <span>
                日
              </span>
            </td>
            <td
              key="week_td_1"
            >
              <span>
                一
              </span>
            </td>
            <td
              key="week_td_2"
            >
              <span>
                二
              </span>
            </td>
            <td
              key="week_td_3"
            >
              <span>
                三
              </span>
            </td>
            <td
              key="week_td_4"
            >
              <span>
                四
              </span>
            </td>
            <td
              key="week_td_5"
            >
              <span>
                五
              </span>
            </td>
            <td
              key="week_td_6"
            >
              <span>
                六
              </span>
            </td>
          </tr>
        </tbody>
        <tbody
          key="body_tbody_0"
        >
          <tr />
        </tbody>
        <tbody
          key="body_tbody_1"
        >
          <tr />
        </tbody>
      </table>
    </div>
    <div
      className="container"
      key="list_div_2"
      style={
        Object {
          "opacity": 0,
          "transform": "translate3d(200%, 0 , 0)",
        }
      }
    >
      <table
        className="week-name"
      >
        <tbody
          key="body_tbody_-1"
        >
          <tr>
            <td
              key="week_td_0"
            >
              <span>
                日
              </span>
            </td>
            <td
              key="week_td_1"
            >
              <span>
                一
              </span>
            </td>
            <td
              key="week_td_2"
            >
              <span>
                二
              </span>
            </td>
            <td
              key="week_td_3"
            >
              <span>
                三
              </span>
            </td>
            <td
              key="week_td_4"
            >
              <span>
                四
              </span>
            </td>
            <td
              key="week_td_5"
            >
              <span>
                五
              </span>
            </td>
            <td
              key="week_td_6"
            >
              <span>
                六
              </span>
            </td>
          </tr>
        </tbody>
        <tbody
          key="body_tbody_0"
        >
          <tr />
        </tbody>
        <tbody
          key="body_tbody_1"
        >
          <tr />
        </tbody>
      </table>
    </div>
    <div
      className="container"
      key="list_div_3"
      style={
        Object {
          "opacity": 0,
          "transform": "translate3d(100%, 0 , 0)",
        }
      }
    >
      <table
        className="week-name"
      >
        <tbody
          key="body_tbody_-1"
        >
          <tr>
            <td
              key="week_td_0"
            >
              <span>
                日
              </span>
            </td>
            <td
              key="week_td_1"
            >
              <span>
                一
              </span>
            </td>
            <td
              key="week_td_2"
            >
              <span>
                二
              </span>
            </td>
            <td
              key="week_td_3"
            >
              <span>
                三
              </span>
            </td>
            <td
              key="week_td_4"
            >
              <span>
                四
              </span>
            </td>
            <td
              key="week_td_5"
            >
              <span>
                五
              </span>
            </td>
            <td
              key="week_td_6"
            >
              <span>
                六
              </span>
            </td>
          </tr>
        </tbody>
        <tbody
          key="body_tbody_0"
        >
          <tr />
        </tbody>
        <tbody
          key="body_tbody_1"
        >
          <tr />
        </tbody>
      </table>
    </div>
    <div
      className="container"
      key="list_div_4"
      style={
        Object {
          "opacity": 1,
          "transform": "translate3d(0%, 0 , 0)",
        }
      }
    >
      <table
        className="week-name"
      >
        <tbody
          key="body_tbody_-1"
        >
          <tr>
            <td
              key="week_td_0"
            >
              <span>
                日
              </span>
            </td>
            <td
              key="week_td_1"
            >
              <span>
                一
              </span>
            </td>
            <td
              key="week_td_2"
            >
              <span>
                二
              </span>
            </td>
            <td
              key="week_td_3"
            >
              <span>
                三
              </span>
            </td>
            <td
              key="week_td_4"
            >
              <span>
                四
              </span>
            </td>
            <td
              key="week_td_5"
            >
              <span>
                五
              </span>
            </td>
            <td
              key="week_td_6"
            >
              <span>
                六
              </span>
            </td>
          </tr>
        </tbody>
        <tbody
          key="body_tbody_0"
        >
          <tr />
        </tbody>
        <tbody
          key="body_tbody_1"
        >
          <tr />
        </tbody>
      </table>
    </div>
    <div
      className="container"
      key="list_div_5"
      style={
        Object {
          "opacity": 0,
          "transform": "translate3d(-100%, 0 , 0)",
        }
      }
    >
      <table
        className="week-name"
      >
        <tbody
          key="body_tbody_-1"
        >
          <tr>
            <td
              key="week_td_0"
            >
              <span>
                日
              </span>
            </td>
            <td
              key="week_td_1"
            >
              <span>
                一
              </span>
            </td>
            <td
              key="week_td_2"
            >
              <span>
                二
              </span>
            </td>
            <td
              key="week_td_3"
            >
              <span>
                三
              </span>
            </td>
            <td
              key="week_td_4"
            >
              <span>
                四
              </span>
            </td>
            <td
              key="week_td_5"
            >
              <span>
                五
              </span>
            </td>
            <td
              key="week_td_6"
            >
              <span>
                六
              </span>
            </td>
          </tr>
        </tbody>
        <tbody
          key="body_tbody_0"
        >
          <tr />
        </tbody>
        <tbody
          key="body_tbody_1"
        >
          <tr />
        </tbody>
      </table>
    </div>
  </div>
</Calendar>
`;
