// Jest Snapshot v1, https://goo.gl/fbAQLP

exports[`SwiperDemo render correctly 1`] = `
<div
  className="Swiper_demo"
>
  <Swiper
    duration={0.7}
    loading={true}
    onLoad={[Function]}
    onRefresh={[Function]}
    sensibility={1}
    wrapperHeight={500}
  >
    <ul />
  </Swiper>
</div>
`;
